// Jest Snapshot v1, https://goo.gl/fbAQLP

exports[`Pruebas en el <CounterApp/> Debe hacer match con el snapshot 1`] = `
<div>
  <h1>
    CounterApp
  </h1>
  <h2>
    100
  </h2>
  <button
    aria-label="add"
  >
    +1
  </button>
  <button
    aria-label="substract"
  >
    -1
  </button>
  <button
    aria-label="reset"
    id="btn-reset"
  >
    Reset
  </button>
</div>
`;
