// Jest Snapshot v1, https://goo.gl/fbAQLP

exports[`Pruebas en GifGrid Debe de hacer match con el snapshot 1`] = `
<div>
  <h3>
    One Punch
  </h3>
  <div
    class="card-grid"
  >
    <div
      class="card"
    >
      <img
        alt="TestTitle"
        src="https://test.jpg"
      />
      <p>
        TestTitle
      </p>
    </div>
    <div
      class="card"
    >
      <img
        alt="TestTitle2"
        src="https://test2.jpg"
      />
      <p>
        TestTitle2
      </p>
    </div>
  </div>
</div>
`;
